<?xml version="1.0" encoding="ISO-8859-1" ?>
<link_info>
   <banner>TI ARM Linker PC v20.2.7.LTS</banner>
   <copyright>Copyright (c) 1996-2018 Texas Instruments Incorporated</copyright>
   <link_time>0x652815fb</link_time>
   <link_errors>0x0</link_errors>
   <output_file>RTOS_Car.out</output_file>
   <entry_point>
      <name>_c_int00_noargs</name>
      <address>0x5b49</address>
   </entry_point>
   <input_file_list>
      <input_file id="fl-2">
         <path>.\</path>
         <kind>object</kind>
         <file>main.obj</file>
         <name>main.obj</name>
      </input_file>
      <input_file id="fl-3">
         <path>.\</path>
         <kind>object</kind>
         <file>tm4c123gh6pm_startup_ccs.obj</file>
         <name>tm4c123gh6pm_startup_ccs.obj</name>
      </input_file>
      <input_file id="fl-4">
         <path>.\APP\Collision Avoidance\</path>
         <kind>object</kind>
         <file>collision_avoidance.obj</file>
         <name>collision_avoidance.obj</name>
      </input_file>
      <input_file id="fl-5">
         <path>.\APP\Display\</path>
         <kind>object</kind>
         <file>display.obj</file>
         <name>display.obj</name>
      </input_file>
      <input_file id="fl-6">
         <path>.\APP\Initialization\</path>
         <kind>object</kind>
         <file>initialization.obj</file>
         <name>initialization.obj</name>
      </input_file>
      <input_file id="fl-7">
         <path>.\APP\Inputs\</path>
         <kind>object</kind>
         <file>inputs.obj</file>
         <name>inputs.obj</name>
      </input_file>
      <input_file id="fl-8">
         <path>.\APP\Light Detection\</path>
         <kind>object</kind>
         <file>light_detection.obj</file>
         <name>light_detection.obj</name>
      </input_file>
      <input_file id="fl-9">
         <path>.\APP\Motion Control\</path>
         <kind>object</kind>
         <file>motion_control.obj</file>
         <name>motion_control.obj</name>
      </input_file>
      <input_file id="fl-a">
         <path>.\APP\System Timer\</path>
         <kind>object</kind>
         <file>system_timer.obj</file>
         <name>system_timer.obj</name>
      </input_file>
      <input_file id="fl-b">
         <path>.\GeneralFunctions\</path>
         <kind>object</kind>
         <file>Delay.obj</file>
         <name>Delay.obj</name>
      </input_file>
      <input_file id="fl-c">
         <path>.\HAL\Button\</path>
         <kind>object</kind>
         <file>Button.obj</file>
         <name>Button.obj</name>
      </input_file>
      <input_file id="fl-d">
         <path>.\HAL\LCD\</path>
         <kind>object</kind>
         <file>LCD.obj</file>
         <name>LCD.obj</name>
      </input_file>
      <input_file id="fl-e">
         <path>.\HAL\LDR\</path>
         <kind>object</kind>
         <file>LDR.obj</file>
         <name>LDR.obj</name>
      </input_file>
      <input_file id="fl-f">
         <path>.\HAL\LEDs\</path>
         <kind>object</kind>
         <file>leds.obj</file>
         <name>leds.obj</name>
      </input_file>
      <input_file id="fl-10">
         <path>.\HAL\Motors\</path>
         <kind>object</kind>
         <file>Motors.obj</file>
         <name>Motors.obj</name>
      </input_file>
      <input_file id="fl-11">
         <path>.\HAL\RCC\</path>
         <kind>object</kind>
         <file>RCC.obj</file>
         <name>RCC.obj</name>
      </input_file>
      <input_file id="fl-12">
         <path>.\HAL\Temperature\</path>
         <kind>object</kind>
         <file>Temperature.obj</file>
         <name>Temperature.obj</name>
      </input_file>
      <input_file id="fl-13">
         <path>.\HAL\Ultrasonic\</path>
         <kind>object</kind>
         <file>Ultrasonic.obj</file>
         <name>Ultrasonic.obj</name>
      </input_file>
      <input_file id="fl-14">
         <path>.\MCAL\ADC\</path>
         <kind>object</kind>
         <file>ADC.obj</file>
         <name>ADC.obj</name>
      </input_file>
      <input_file id="fl-15">
         <path>.\MCAL\GPIO\</path>
         <kind>object</kind>
         <file>GPIO.obj</file>
         <name>GPIO.obj</name>
      </input_file>
      <input_file id="fl-16">
         <path>.\MCAL\GPTM\</path>
         <kind>object</kind>
         <file>GPTM.obj</file>
         <name>GPTM.obj</name>
      </input_file>
      <input_file id="fl-17">
         <path>.\MCAL\PWM\</path>
         <kind>object</kind>
         <file>PWM.obj</file>
         <name>PWM.obj</name>
      </input_file>
      <input_file id="fl-18">
         <path>.\MCAL\SysTick\</path>
         <kind>object</kind>
         <file>SysTick.obj</file>
         <name>SysTick.obj</name>
      </input_file>
      <input_file id="fl-19">
         <path>.\OS\</path>
         <kind>object</kind>
         <file>scheduler.obj</file>
         <name>scheduler.obj</name>
      </input_file>
      <input_file id="fl-1a">
         <path>.\include\</path>
         <kind>object</kind>
         <file>croutine.obj</file>
         <name>croutine.obj</name>
      </input_file>
      <input_file id="fl-1b">
         <path>.\include\</path>
         <kind>object</kind>
         <file>event_groups.obj</file>
         <name>event_groups.obj</name>
      </input_file>
      <input_file id="fl-1c">
         <path>.\include\</path>
         <kind>object</kind>
         <file>list.obj</file>
         <name>list.obj</name>
      </input_file>
      <input_file id="fl-1d">
         <path>.\include\</path>
         <kind>object</kind>
         <file>port.obj</file>
         <name>port.obj</name>
      </input_file>
      <input_file id="fl-1e">
         <path>.\include\</path>
         <kind>object</kind>
         <file>portasm.obj</file>
         <name>portasm.obj</name>
      </input_file>
      <input_file id="fl-1f">
         <path>.\include\</path>
         <kind>object</kind>
         <file>queue.obj</file>
         <name>queue.obj</name>
      </input_file>
      <input_file id="fl-20">
         <path>.\include\</path>
         <kind>object</kind>
         <file>tasks.obj</file>
         <name>tasks.obj</name>
      </input_file>
      <input_file id="fl-21">
         <path>.\include\</path>
         <kind>object</kind>
         <file>timers.obj</file>
         <name>timers.obj</name>
      </input_file>
      <input_file id="fl-22">
         <path>.\portable\MemMang\</path>
         <kind>object</kind>
         <file>heap_2.obj</file>
         <name>heap_2.obj</name>
      </input_file>
      <input_file id="fl-26">
         <kind>object</kind>
         <file>&lt;internal&gt;</file>
         <name>&lt;internal&gt;</name>
      </input_file>
      <input_file id="fl-dc">
         <path>C:\ti\ccs1230\ccs\tools\compiler\ti-cgt-arm_20.2.7.LTS\lib\</path>
         <kind>archive</kind>
         <file>rtsv7M4_T_le_v4SPD16_eabi.lib</file>
         <name>fd_div_t2.asm.obj</name>
      </input_file>
      <input_file id="fl-dd">
         <path>C:\ti\ccs1230\ccs\tools\compiler\ti-cgt-arm_20.2.7.LTS\lib\</path>
         <kind>archive</kind>
         <file>rtsv7M4_T_le_v4SPD16_eabi.lib</file>
         <name>fd_tos_t2.asm.obj</name>
      </input_file>
      <input_file id="fl-de">
         <path>C:\ti\ccs1230\ccs\tools\compiler\ti-cgt-arm_20.2.7.LTS\lib\</path>
         <kind>archive</kind>
         <file>rtsv7M4_T_le_v4SPD16_eabi.lib</file>
         <name>memcpy_t2.asm.obj</name>
      </input_file>
      <input_file id="fl-df">
         <path>C:\ti\ccs1230\ccs\tools\compiler\ti-cgt-arm_20.2.7.LTS\lib\</path>
         <kind>archive</kind>
         <file>rtsv7M4_T_le_v4SPD16_eabi.lib</file>
         <name>u_tofd_t2.asm.obj</name>
      </input_file>
      <input_file id="fl-e0">
         <path>C:\ti\ccs1230\ccs\tools\compiler\ti-cgt-arm_20.2.7.LTS\lib\</path>
         <kind>archive</kind>
         <file>rtsv7M4_T_le_v4SPD16_eabi.lib</file>
         <name>memset_t2.asm.obj</name>
      </input_file>
      <input_file id="fl-e1">
         <path>C:\ti\ccs1230\ccs\tools\compiler\ti-cgt-arm_20.2.7.LTS\lib\</path>
         <kind>archive</kind>
         <file>rtsv7M4_T_le_v4SPD16_eabi.lib</file>
         <name>copy_zero_init.c.obj</name>
      </input_file>
      <input_file id="fl-e2">
         <path>C:\ti\ccs1230\ccs\tools\compiler\ti-cgt-arm_20.2.7.LTS\lib\</path>
         <kind>archive</kind>
         <file>rtsv7M4_T_le_v4SPD16_eabi.lib</file>
         <name>copy_decompress_none.c.obj</name>
      </input_file>
      <input_file id="fl-e3">
         <path>C:\ti\ccs1230\ccs\tools\compiler\ti-cgt-arm_20.2.7.LTS\lib\</path>
         <kind>archive</kind>
         <file>rtsv7M4_T_le_v4SPD16_eabi.lib</file>
         <name>copy_decompress_lzss.c.obj</name>
      </input_file>
      <input_file id="fl-e4">
         <path>C:\ti\ccs1230\ccs\tools\compiler\ti-cgt-arm_20.2.7.LTS\lib\</path>
         <kind>archive</kind>
         <file>rtsv7M4_T_le_v4SPD16_eabi.lib</file>
         <name>boot_cortex_m.c.obj</name>
      </input_file>
      <input_file id="fl-e5">
         <path>C:\ti\ccs1230\ccs\tools\compiler\ti-cgt-arm_20.2.7.LTS\lib\</path>
         <kind>archive</kind>
         <file>rtsv7M4_T_le_v4SPD16_eabi.lib</file>
         <name>autoinit.c.obj</name>
      </input_file>
      <input_file id="fl-e6">
         <path>C:\ti\ccs1230\ccs\tools\compiler\ti-cgt-arm_20.2.7.LTS\lib\</path>
         <kind>archive</kind>
         <file>rtsv7M4_T_le_v4SPD16_eabi.lib</file>
         <name>pre_init.c.obj</name>
      </input_file>
      <input_file id="fl-e7">
         <path>C:\ti\ccs1230\ccs\tools\compiler\ti-cgt-arm_20.2.7.LTS\lib\</path>
         <kind>archive</kind>
         <file>rtsv7M4_T_le_v4SPD16_eabi.lib</file>
         <name>cpy_tbl.c.obj</name>
      </input_file>
      <input_file id="fl-e8">
         <path>C:\ti\ccs1230\ccs\tools\compiler\ti-cgt-arm_20.2.7.LTS\lib\</path>
         <kind>archive</kind>
         <file>rtsv7M4_T_le_v4SPD16_eabi.lib</file>
         <name>exit.c.obj</name>
      </input_file>
      <input_file id="fl-e9">
         <path>C:\ti\ccs1230\ccs\tools\compiler\ti-cgt-arm_20.2.7.LTS\lib\</path>
         <kind>archive</kind>
         <file>rtsv7M4_T_le_v4SPD16_eabi.lib</file>
         <name>_lock.c.obj</name>
      </input_file>
      <input_file id="fl-ea">
         <path>C:\ti\ccs1230\ccs\tools\compiler\ti-cgt-arm_20.2.7.LTS\lib\</path>
         <kind>archive</kind>
         <file>rtsv7M4_T_le_v4SPD16_eabi.lib</file>
         <name>args_main.c.obj</name>
      </input_file>
   </input_file_list>
   <object_component_list>
      <object_component id="oc-12">
         <name>.intvecs</name>
         <load_address>0x0</load_address>
         <run_address>0x0</run_address>
         <size>0x26c</size>
         <input_file_ref idref="fl-3"/>
      </object_component>
      <object_component id="oc-7f">
         <name>.text</name>
         <load_address>0x26c</load_address>
         <run_address>0x26c</run_address>
         <size>0x1b34</size>
         <input_file_ref idref="fl-20"/>
      </object_component>
      <object_component id="oc-142">
         <name>.text</name>
         <load_address>0x1da0</load_address>
         <run_address>0x1da0</run_address>
         <size>0xd78</size>
         <input_file_ref idref="fl-1f"/>
      </object_component>
      <object_component id="oc-284">
         <name>.text</name>
         <load_address>0x2b18</load_address>
         <run_address>0x2b18</run_address>
         <size>0x824</size>
         <input_file_ref idref="fl-15"/>
      </object_component>
      <object_component id="oc-ea">
         <name>.text</name>
         <load_address>0x333c</load_address>
         <run_address>0x333c</run_address>
         <size>0x634</size>
         <input_file_ref idref="fl-21"/>
      </object_component>
      <object_component id="oc-13c">
         <name>.text</name>
         <load_address>0x3970</load_address>
         <run_address>0x3970</run_address>
         <size>0x502</size>
         <input_file_ref idref="fl-1b"/>
      </object_component>
      <object_component id="oc-1ff">
         <name>.text</name>
         <load_address>0x3e74</load_address>
         <run_address>0x3e74</run_address>
         <size>0x388</size>
         <input_file_ref idref="fl-d"/>
      </object_component>
      <object_component id="oc-211">
         <name>.text</name>
         <load_address>0x41fc</load_address>
         <run_address>0x41fc</run_address>
         <size>0x300</size>
         <input_file_ref idref="fl-13"/>
      </object_component>
      <object_component id="oc-217">
         <name>.text</name>
         <load_address>0x44fc</load_address>
         <run_address>0x44fc</run_address>
         <size>0x2f0</size>
         <input_file_ref idref="fl-10"/>
      </object_component>
      <object_component id="oc-32">
         <name>.text</name>
         <load_address>0x47ec</load_address>
         <run_address>0x47ec</run_address>
         <size>0x2b0</size>
         <input_file_ref idref="fl-1d"/>
      </object_component>
      <object_component id="oc-27c">
         <name>.text</name>
         <load_address>0x4a9c</load_address>
         <run_address>0x4a9c</run_address>
         <size>0x28c</size>
         <input_file_ref idref="fl-14"/>
      </object_component>
      <object_component id="oc-f9">
         <name>.text</name>
         <load_address>0x4d28</load_address>
         <run_address>0x4d28</run_address>
         <size>0x1b8</size>
         <input_file_ref idref="fl-22"/>
      </object_component>
      <object_component id="oc-2a0">
         <name>.text</name>
         <load_address>0x4ee0</load_address>
         <run_address>0x4ee0</run_address>
         <size>0x136</size>
         <input_file_ref idref="fl-dc"/>
      </object_component>
      <object_component id="oc-de">
         <name>.text</name>
         <load_address>0x5016</load_address>
         <run_address>0x5016</run_address>
         <size>0x12a</size>
         <input_file_ref idref="fl-1c"/>
      </object_component>
      <object_component id="oc-c7">
         <name>.text</name>
         <load_address>0x5140</load_address>
         <run_address>0x5140</run_address>
         <size>0x104</size>
         <input_file_ref idref="fl-2"/>
      </object_component>
      <object_component id="oc-20b">
         <name>.text</name>
         <load_address>0x5244</load_address>
         <run_address>0x5244</run_address>
         <size>0xe6</size>
         <input_file_ref idref="fl-f"/>
      </object_component>
      <object_component id="oc-2d">
         <name>.text</name>
         <load_address>0x532c</load_address>
         <run_address>0x532c</run_address>
         <size>0xda</size>
         <input_file_ref idref="fl-1e"/>
      </object_component>
      <object_component id="oc-156">
         <name>.text</name>
         <load_address>0x5408</load_address>
         <run_address>0x5408</run_address>
         <size>0xd8</size>
         <input_file_ref idref="fl-7"/>
      </object_component>
      <object_component id="oc-150">
         <name>.text</name>
         <load_address>0x54e0</load_address>
         <run_address>0x54e0</run_address>
         <size>0xc8</size>
         <input_file_ref idref="fl-8"/>
      </object_component>
      <object_component id="oc-46">
         <name>.text</name>
         <load_address>0x55a8</load_address>
         <run_address>0x55a8</run_address>
         <size>0x9c</size>
         <input_file_ref idref="fl-de"/>
      </object_component>
      <object_component id="oc-236">
         <name>.text</name>
         <load_address>0x5644</load_address>
         <run_address>0x5644</run_address>
         <size>0x8c</size>
         <input_file_ref idref="fl-a"/>
      </object_component>
      <object_component id="oc-205">
         <name>.text</name>
         <load_address>0x56d0</load_address>
         <run_address>0x56d0</run_address>
         <size>0x88</size>
         <input_file_ref idref="fl-c"/>
      </object_component>
      <object_component id="oc-149">
         <name>.text</name>
         <load_address>0x5758</load_address>
         <run_address>0x5758</run_address>
         <size>0x88</size>
         <input_file_ref idref="fl-4"/>
      </object_component>
      <object_component id="oc-136">
         <name>.text</name>
         <load_address>0x57e0</load_address>
         <run_address>0x57e0</run_address>
         <size>0x88</size>
         <input_file_ref idref="fl-5"/>
      </object_component>
      <object_component id="oc-1f3">
         <name>.text</name>
         <load_address>0x5868</load_address>
         <run_address>0x5868</run_address>
         <size>0x7c</size>
         <input_file_ref idref="fl-11"/>
      </object_component>
      <object_component id="oc-bb">
         <name>.text</name>
         <load_address>0x58e4</load_address>
         <run_address>0x58e4</run_address>
         <size>0x7a</size>
         <input_file_ref idref="fl-e0"/>
      </object_component>
      <object_component id="oc-15d">
         <name>.text</name>
         <load_address>0x5960</load_address>
         <run_address>0x5960</run_address>
         <size>0x70</size>
         <input_file_ref idref="fl-9"/>
      </object_component>
      <object_component id="oc-2a5">
         <name>.text</name>
         <load_address>0x59d0</load_address>
         <run_address>0x59d0</run_address>
         <size>0x6e</size>
         <input_file_ref idref="fl-dd"/>
      </object_component>
      <object_component id="oc-15">
         <name>.text:decompress:lzss:__TI_decompress_lzss</name>
         <load_address>0x5a3e</load_address>
         <run_address>0x5a3e</run_address>
         <size>0x68</size>
         <input_file_ref idref="fl-e3"/>
      </object_component>
      <object_component id="oc-28a">
         <name>.text</name>
         <load_address>0x5aa6</load_address>
         <run_address>0x5aa6</run_address>
         <size>0x5e</size>
         <input_file_ref idref="fl-b"/>
      </object_component>
      <object_component id="oc-173">
         <name>.text:__TI_auto_init_nobinit_nopinit:__TI_auto_init_nobinit_nopinit</name>
         <load_address>0x5b04</load_address>
         <run_address>0x5b04</run_address>
         <size>0x44</size>
         <input_file_ref idref="fl-e5"/>
      </object_component>
      <object_component id="oc-64">
         <name>.text:_c_int00_noargs:_c_int00_noargs</name>
         <load_address>0x5b48</load_address>
         <run_address>0x5b48</run_address>
         <size>0x34</size>
         <input_file_ref idref="fl-e4"/>
      </object_component>
      <object_component id="oc-1f9">
         <name>.text</name>
         <load_address>0x5b7c</load_address>
         <run_address>0x5b7c</run_address>
         <size>0x30</size>
         <input_file_ref idref="fl-e"/>
      </object_component>
      <object_component id="oc-130">
         <name>.text</name>
         <load_address>0x5bac</load_address>
         <run_address>0x5bac</run_address>
         <size>0x20</size>
         <input_file_ref idref="fl-6"/>
      </object_component>
      <object_component id="oc-29b">
         <name>.text</name>
         <load_address>0x5bcc</load_address>
         <run_address>0x5bcc</run_address>
         <size>0x20</size>
         <input_file_ref idref="fl-df"/>
      </object_component>
      <object_component id="oc-1b">
         <name>.text:decompress:none:__TI_decompress_none</name>
         <load_address>0x5bec</load_address>
         <run_address>0x5bec</run_address>
         <size>0xe</size>
         <input_file_ref idref="fl-e2"/>
      </object_component>
      <object_component id="oc-58">
         <name>.text:decompress:ZI:__TI_zero_init</name>
         <load_address>0x5bfa</load_address>
         <run_address>0x5bfa</run_address>
         <size>0xc</size>
         <input_file_ref idref="fl-e1"/>
      </object_component>
      <object_component id="oc-27">
         <name>.text</name>
         <load_address>0x5c06</load_address>
         <run_address>0x5c06</run_address>
         <size>0xc</size>
         <input_file_ref idref="fl-3"/>
      </object_component>
      <object_component id="oc-c1">
         <name>.text:_system_pre_init</name>
         <load_address>0x5c12</load_address>
         <run_address>0x5c12</run_address>
         <size>0x4</size>
         <input_file_ref idref="fl-e6"/>
      </object_component>
      <object_component id="oc-167">
         <name>.text:abort:abort</name>
         <load_address>0x5c16</load_address>
         <run_address>0x5c16</run_address>
         <size>0x4</size>
         <input_file_ref idref="fl-e8"/>
      </object_component>
      <object_component id="oc-22b">
         <name>.const:$P$T0$1</name>
         <load_address>0x5c1c</load_address>
         <run_address>0x5c1c</run_address>
         <size>0x8</size>
         <input_file_ref idref="fl-4"/>
      </object_component>
      <object_component id="oc-2cb">
         <name>.const:$P$T0$1</name>
         <load_address>0x5c24</load_address>
         <run_address>0x5c24</run_address>
         <size>0x8</size>
         <input_file_ref idref="fl-a"/>
      </object_component>
      <object_component id="oc-7c">
         <name>.const</name>
         <load_address>0x5c2c</load_address>
         <run_address>0x5c2c</run_address>
         <size>0x8</size>
         <input_file_ref idref="fl-1d"/>
      </object_component>
      <object_component id="oc-349">
         <name>.cinit..data.load</name>
         <load_address>0x5c38</load_address>
         <run_address>0x5c38</run_address>
         <size>0x19</size>
      </object_component>
      <object_component id="oc-347">
         <name>__TI_handler_table</name>
         <load_address>0x5c54</load_address>
         <run_address>0x5c54</run_address>
         <size>0xc</size>
      </object_component>
      <object_component id="oc-34a">
         <name>.cinit..bss.load</name>
         <load_address>0x5c60</load_address>
         <run_address>0x5c60</run_address>
         <size>0x8</size>
      </object_component>
      <object_component id="oc-348">
         <name>__TI_cinit_table</name>
         <load_address>0x5c68</load_address>
         <run_address>0x5c68</run_address>
         <size>0x10</size>
      </object_component>
      <object_component id="oc-230">
         <name>.data</name>
         <load_address>0x200053ec</load_address>
         <run_address>0x200053ec</run_address>
         <size>0x1</size>
         <input_file_ref idref="fl-2"/>
      </object_component>
      <object_component id="oc-2aa">
         <name>.data</name>
         <load_address>0x200053c4</load_address>
         <run_address>0x200053c4</run_address>
         <size>0xc</size>
         <input_file_ref idref="fl-13"/>
      </object_component>
      <object_component id="oc-86">
         <name>.data</name>
         <load_address>0x200053d0</load_address>
         <run_address>0x200053d0</run_address>
         <size>0xc</size>
         <input_file_ref idref="fl-1d"/>
      </object_component>
      <object_component id="oc-79">
         <name>.data</name>
         <load_address>0x20005390</load_address>
         <run_address>0x20005390</run_address>
         <size>0x34</size>
         <input_file_ref idref="fl-20"/>
      </object_component>
      <object_component id="oc-1bc">
         <name>.data</name>
         <load_address>0x200053e4</load_address>
         <run_address>0x200053e4</run_address>
         <size>0x8</size>
         <input_file_ref idref="fl-21"/>
      </object_component>
      <object_component id="oc-1d5">
         <name>.data</name>
         <load_address>0x200053dc</load_address>
         <run_address>0x200053dc</run_address>
         <size>0x8</size>
         <input_file_ref idref="fl-22"/>
      </object_component>
      <object_component id="oc-e4">
         <name>.bss:pxReadyTasksLists</name>
         <uninitialized>true</uninitialized>
         <run_address>0x20005000</run_address>
         <size>0x78</size>
         <input_file_ref idref="fl-20"/>
      </object_component>
      <object_component id="oc-ff">
         <name>.bss:xDelayedTaskList1</name>
         <uninitialized>true</uninitialized>
         <run_address>0x200050e0</run_address>
         <size>0x14</size>
         <input_file_ref idref="fl-20"/>
      </object_component>
      <object_component id="oc-102">
         <name>.bss:xDelayedTaskList2</name>
         <uninitialized>true</uninitialized>
         <run_address>0x200050f4</run_address>
         <size>0x14</size>
         <input_file_ref idref="fl-20"/>
      </object_component>
      <object_component id="oc-f6">
         <name>.bss</name>
         <uninitialized>true</uninitialized>
         <run_address>0x20005144</run_address>
         <size>0x8</size>
         <input_file_ref idref="fl-20"/>
      </object_component>
      <object_component id="oc-f3">
         <name>.bss:xPendingReadyList</name>
         <uninitialized>true</uninitialized>
         <run_address>0x20005108</run_address>
         <size>0x14</size>
         <input_file_ref idref="fl-20"/>
      </object_component>
      <object_component id="oc-e7">
         <name>.bss:xTasksWaitingTermination</name>
         <uninitialized>true</uninitialized>
         <run_address>0x20005130</run_address>
         <size>0x14</size>
         <input_file_ref idref="fl-20"/>
      </object_component>
      <object_component id="oc-f0">
         <name>.bss:xSuspendedTaskList</name>
         <uninitialized>true</uninitialized>
         <run_address>0x2000511c</run_address>
         <size>0x14</size>
         <input_file_ref idref="fl-20"/>
      </object_component>
      <object_component id="oc-1c2">
         <name>.bss:xActiveTimerList1</name>
         <uninitialized>true</uninitialized>
         <run_address>0x200050b8</run_address>
         <size>0x14</size>
         <input_file_ref idref="fl-21"/>
      </object_component>
      <object_component id="oc-1c5">
         <name>.bss:xActiveTimerList2</name>
         <uninitialized>true</uninitialized>
         <run_address>0x200050cc</run_address>
         <size>0x14</size>
         <input_file_ref idref="fl-21"/>
      </object_component>
      <object_component id="oc-1bf">
         <name>.bss</name>
         <uninitialized>true</uninitialized>
         <run_address>0x2000514c</run_address>
         <size>0x8</size>
         <input_file_ref idref="fl-21"/>
      </object_component>
      <object_component id="oc-1de">
         <name>.bss:ucHeap</name>
         <uninitialized>true</uninitialized>
         <run_address>0x20000000</run_address>
         <size>0x5000</size>
         <input_file_ref idref="fl-22"/>
      </object_component>
      <object_component id="oc-1d8">
         <name>.bss:xStart</name>
         <uninitialized>true</uninitialized>
         <run_address>0x2000515c</run_address>
         <size>0x8</size>
         <input_file_ref idref="fl-22"/>
      </object_component>
      <object_component id="oc-1db">
         <name>.bss:xEnd</name>
         <uninitialized>true</uninitialized>
         <run_address>0x20005154</run_address>
         <size>0x8</size>
         <input_file_ref idref="fl-22"/>
      </object_component>
      <object_component id="oc-148">
         <name>.common:CA_h</name>
         <uninitialized>true</uninitialized>
         <run_address>0x20005164</run_address>
         <size>0x4</size>
      </object_component>
      <object_component id="oc-14f">
         <name>.common:LD_h</name>
         <uninitialized>true</uninitialized>
         <run_address>0x20005170</run_address>
         <size>0x4</size>
      </object_component>
      <object_component id="oc-163">
         <name>.common:display_h</name>
         <uninitialized>true</uninitialized>
         <run_address>0x20005178</run_address>
         <size>0x4</size>
      </object_component>
      <object_component id="oc-15c">
         <name>.common:motion_h</name>
         <uninitialized>true</uninitialized>
         <run_address>0x20005180</run_address>
         <size>0x4</size>
      </object_component>
      <object_component id="oc-235">
         <name>.common:sys_h</name>
         <uninitialized>true</uninitialized>
         <run_address>0x20005184</run_address>
         <size>0x4</size>
      </object_component>
      <object_component id="oc-165">
         <name>.common:Displaying_Q</name>
         <uninitialized>true</uninitialized>
         <run_address>0x2000516c</run_address>
         <size>0x4</size>
      </object_component>
      <object_component id="oc-164">
         <name>.common:events</name>
         <uninitialized>true</uninitialized>
         <run_address>0x2000517c</run_address>
         <size>0x4</size>
      </object_component>
      <object_component id="oc-290">
         <name>.common:counter</name>
         <uninitialized>true</uninitialized>
         <run_address>0x20005188</run_address>
         <size>0x1</size>
      </object_component>
      <object_component id="oc-2ad">
         <name>.common:Difference</name>
         <uninitialized>true</uninitialized>
         <run_address>0x20005168</run_address>
         <size>0x4</size>
      </object_component>
      <object_component id="oc-2b0">
         <name>.common:Period</name>
         <uninitialized>true</uninitialized>
         <run_address>0x20005174</run_address>
         <size>0x4</size>
      </object_component>
      <object_component id="oc-227">
         <name>.common:xQueueRegistry</name>
         <uninitialized>true</uninitialized>
         <run_address>0x20005078</run_address>
         <size>0x40</size>
      </object_component>
      <object_component id="oc-24">
         <name>.stack</name>
         <uninitialized>true</uninitialized>
         <run_address>0x20005190</run_address>
         <size>0x4</size>
         <input_file_ref idref="fl-e4"/>
      </object_component>
      <object_component id="oc-34c">
         <name>.stack</name>
         <uninitialized>true</uninitialized>
         <run_address>0x20005190</run_address>
         <size>0x0</size>
      </object_component>
      <object_component id="oc-119">
         <name>.debug_info</name>
         <load_address>0x0</load_address>
         <run_address>0x0</run_address>
         <size>0x631</size>
         <input_file_ref idref="fl-2"/>
      </object_component>
      <object_component id="oc-231">
         <name>.debug_info</name>
         <load_address>0x631</load_address>
         <run_address>0x631</run_address>
         <size>0xc4</size>
         <input_file_ref idref="fl-2"/>
      </object_component>
      <object_component id="oc-cb">
         <name>.debug_info</name>
         <load_address>0x6f5</load_address>
         <run_address>0x6f5</run_address>
         <size>0x1d3</size>
         <input_file_ref idref="fl-2"/>
      </object_component>
      <object_component id="oc-106">
         <name>.debug_info</name>
         <load_address>0x8c8</load_address>
         <run_address>0x8c8</run_address>
         <size>0x2ef</size>
         <input_file_ref idref="fl-2"/>
      </object_component>
      <object_component id="oc-295">
         <name>.debug_info</name>
         <load_address>0xbb7</load_address>
         <run_address>0xbb7</run_address>
         <size>0x7a</size>
         <input_file_ref idref="fl-2"/>
      </object_component>
      <object_component id="oc-220">
         <name>.debug_info</name>
         <load_address>0xc31</load_address>
         <run_address>0xc31</run_address>
         <size>0x5e</size>
         <input_file_ref idref="fl-2"/>
      </object_component>
      <object_component id="oc-41">
         <name>.debug_info</name>
         <load_address>0xc8f</load_address>
         <run_address>0xc8f</run_address>
         <size>0x84</size>
         <input_file_ref idref="fl-2"/>
      </object_component>
      <object_component id="oc-1ee">
         <name>.debug_info</name>
         <load_address>0xd13</load_address>
         <run_address>0xd13</run_address>
         <size>0x39</size>
         <input_file_ref idref="fl-2"/>
      </object_component>
      <object_component id="oc-1e9">
         <name>.debug_info</name>
         <load_address>0xd4c</load_address>
         <run_address>0xd4c</run_address>
         <size>0x46</size>
         <input_file_ref idref="fl-2"/>
      </object_component>
      <object_component id="oc-1a7">
         <name>.debug_info</name>
         <load_address>0xd92</load_address>
         <run_address>0xd92</run_address>
         <size>0x46</size>
         <input_file_ref idref="fl-2"/>
      </object_component>
      <object_component id="oc-8b">
         <name>.debug_info</name>
         <load_address>0xdd8</load_address>
         <run_address>0xdd8</run_address>
         <size>0x2c</size>
         <input_file_ref idref="fl-2"/>
      </object_component>
      <object_component id="oc-95">
         <name>.debug_info</name>
         <load_address>0xe04</load_address>
         <run_address>0xe04</run_address>
         <size>0x7a</size>
         <input_file_ref idref="fl-2"/>
      </object_component>
      <object_component id="oc-90">
         <name>.debug_info</name>
         <load_address>0xe7e</load_address>
         <run_address>0xe7e</run_address>
         <size>0x53</size>
         <input_file_ref idref="fl-2"/>
      </object_component>
      <object_component id="oc-114">
         <name>.debug_info</name>
         <load_address>0xed1</load_address>
         <run_address>0xed1</run_address>
         <size>0x14c</size>
         <input_file_ref idref="fl-2"/>
      </object_component>
      <object_component id="oc-3a">
         <name>.debug_info</name>
         <load_address>0x101d</load_address>
         <run_address>0x101d</run_address>
         <size>0x31b</size>
         <input_file_ref idref="fl-3"/>
      </object_component>
      <object_component id="oc-13">
         <name>.debug_info</name>
         <load_address>0x1338</load_address>
         <run_address>0x1338</run_address>
         <size>0xda</size>
         <input_file_ref idref="fl-3"/>
      </object_component>
      <object_component id="oc-2b">
         <name>.debug_info</name>
         <load_address>0x1412</load_address>
         <run_address>0x1412</run_address>
         <size>0x256</size>
         <input_file_ref idref="fl-3"/>
      </object_component>
      <object_component id="oc-9c">
         <name>.debug_info</name>
         <load_address>0x1668</load_address>
         <run_address>0x1668</run_address>
         <size>0x26b</size>
         <input_file_ref idref="fl-3"/>
      </object_component>
      <object_component id="oc-11b">
         <name>.debug_info</name>
         <load_address>0x18d3</load_address>
         <run_address>0x18d3</run_address>
         <size>0x2a4</size>
         <input_file_ref idref="fl-3"/>
      </object_component>
      <object_component id="oc-a1">
         <name>.debug_info</name>
         <load_address>0x1b77</load_address>
         <run_address>0x1b77</run_address>
         <size>0xbb</size>
         <input_file_ref idref="fl-3"/>
      </object_component>
      <object_component id="oc-22f">
         <name>.debug_info</name>
         <load_address>0x1c32</load_address>
         <run_address>0x1c32</run_address>
         <size>0x4d1</size>
         <input_file_ref idref="fl-4"/>
      </object_component>
      <object_component id="oc-22c">
         <name>.debug_info</name>
         <load_address>0x2103</load_address>
         <run_address>0x2103</run_address>
         <size>0xe2</size>
         <input_file_ref idref="fl-4"/>
      </object_component>
      <object_component id="oc-14a">
         <name>.debug_info</name>
         <load_address>0x21e5</load_address>
         <run_address>0x21e5</run_address>
         <size>0x2e3</size>
         <input_file_ref idref="fl-4"/>
      </object_component>
      <object_component id="oc-21f">
         <name>.debug_info</name>
         <load_address>0x24c8</load_address>
         <run_address>0x24c8</run_address>
         <size>0x3ee</size>
         <input_file_ref idref="fl-5"/>
      </object_component>
      <object_component id="oc-138">
         <name>.debug_info</name>
         <load_address>0x28b6</load_address>
         <run_address>0x28b6</run_address>
         <size>0x2d1</size>
         <input_file_ref idref="fl-5"/>
      </object_component>
      <object_component id="oc-131">
         <name>.debug_info</name>
         <load_address>0x2b87</load_address>
         <run_address>0x2b87</run_address>
         <size>0x1df</size>
         <input_file_ref idref="fl-6"/>
      </object_component>
      <object_component id="oc-23d">
         <name>.debug_info</name>
         <load_address>0x2d66</load_address>
         <run_address>0x2d66</run_address>
         <size>0x56b</size>
         <input_file_ref idref="fl-7"/>
      </object_component>
      <object_component id="oc-157">
         <name>.debug_info</name>
         <load_address>0x32d1</load_address>
         <run_address>0x32d1</run_address>
         <size>0x331</size>
         <input_file_ref idref="fl-7"/>
      </object_component>
      <object_component id="oc-234">
         <name>.debug_info</name>
         <load_address>0x3602</load_address>
         <run_address>0x3602</run_address>
         <size>0x497</size>
         <input_file_ref idref="fl-8"/>
      </object_component>
      <object_component id="oc-152">
         <name>.debug_info</name>
         <load_address>0x3a99</load_address>
         <run_address>0x3a99</run_address>
         <size>0x351</size>
         <input_file_ref idref="fl-8"/>
      </object_component>
      <object_component id="oc-23f">
         <name>.debug_info</name>
         <load_address>0x3dea</load_address>
         <run_address>0x3dea</run_address>
         <size>0x3fc</size>
         <input_file_ref idref="fl-9"/>
      </object_component>
      <object_component id="oc-15f">
         <name>.debug_info</name>
         <load_address>0x41e6</load_address>
         <run_address>0x41e6</run_address>
         <size>0x26b</size>
         <input_file_ref idref="fl-9"/>
      </object_component>
      <object_component id="oc-2cf">
         <name>.debug_info</name>
         <load_address>0x4451</load_address>
         <run_address>0x4451</run_address>
         <size>0x4b7</size>
         <input_file_ref idref="fl-a"/>
      </object_component>
      <object_component id="oc-2cc">
         <name>.debug_info</name>
         <load_address>0x4908</load_address>
         <run_address>0x4908</run_address>
         <size>0xd4</size>
         <input_file_ref idref="fl-a"/>
      </object_component>
      <object_component id="oc-237">
         <name>.debug_info</name>
         <load_address>0x49dc</load_address>
         <run_address>0x49dc</run_address>
         <size>0x2a7</size>
         <input_file_ref idref="fl-a"/>
      </object_component>
      <object_component id="oc-2ff">
         <name>.debug_info</name>
         <load_address>0x4c83</load_address>
         <run_address>0x4c83</run_address>
         <size>0x24e</size>
         <input_file_ref idref="fl-b"/>
      </object_component>
      <object_component id="oc-28b">
         <name>.debug_info</name>
         <load_address>0x4ed1</load_address>
         <run_address>0x4ed1</run_address>
         <size>0x2b5</size>
         <input_file_ref idref="fl-b"/>
      </object_component>
      <object_component id="oc-206">
         <name>.debug_info</name>
         <load_address>0x5186</load_address>
         <run_address>0x5186</run_address>
         <size>0x35b</size>
         <input_file_ref idref="fl-c"/>
      </object_component>
      <object_component id="oc-291">
         <name>.debug_info</name>
         <load_address>0x54e1</load_address>
         <run_address>0x54e1</run_address>
         <size>0x36e</size>
         <input_file_ref idref="fl-d"/>
      </object_component>
      <object_component id="oc-202">
         <name>.debug_info</name>
         <load_address>0x584f</load_address>
         <run_address>0x584f</run_address>
         <size>0xa66</size>
         <input_file_ref idref="fl-d"/>
      </object_component>
      <object_component id="oc-283">
         <name>.debug_info</name>
         <load_address>0x62b5</load_address>
         <run_address>0x62b5</run_address>
         <size>0x2a6</size>
         <input_file_ref idref="fl-e"/>
      </object_component>
      <object_component id="oc-1fb">
         <name>.debug_info</name>
         <load_address>0x655b</load_address>
         <run_address>0x655b</run_address>
         <size>0x2ab</size>
         <input_file_ref idref="fl-e"/>
      </object_component>
      <object_component id="oc-2f6">
         <name>.debug_info</name>
         <load_address>0x6806</load_address>
         <run_address>0x6806</run_address>
         <size>0x5a</size>
         <input_file_ref idref="fl-e"/>
      </object_component>
      <object_component id="oc-20c">
         <name>.debug_info</name>
         <load_address>0x6860</load_address>
         <run_address>0x6860</run_address>
         <size>0x33d</size>
         <input_file_ref idref="fl-f"/>
      </object_component>
      <object_component id="oc-218">
         <name>.debug_info</name>
         <load_address>0x6b9d</load_address>
         <run_address>0x6b9d</run_address>
         <size>0x37e</size>
         <input_file_ref idref="fl-10"/>
      </object_component>
      <object_component id="oc-1f6">
         <name>.debug_info</name>
         <load_address>0x6f1b</load_address>
         <run_address>0x6f1b</run_address>
         <size>0xfd</size>
         <input_file_ref idref="fl-11"/>
      </object_component>
      <object_component id="oc-2ae">
         <name>.debug_info</name>
         <load_address>0x7018</load_address>
         <run_address>0x7018</run_address>
         <size>0x2d0</size>
         <input_file_ref idref="fl-13"/>
      </object_component>
      <object_component id="oc-2ab">
         <name>.debug_info</name>
         <load_address>0x72e8</load_address>
         <run_address>0x72e8</run_address>
         <size>0x158</size>
         <input_file_ref idref="fl-13"/>
      </object_component>
      <object_component id="oc-212">
         <name>.debug_info</name>
         <load_address>0x7440</load_address>
         <run_address>0x7440</run_address>
         <size>0x499</size>
         <input_file_ref idref="fl-13"/>
      </object_component>
      <object_component id="oc-27d">
         <name>.debug_info</name>
         <load_address>0x78d9</load_address>
         <run_address>0x78d9</run_address>
         <size>0x215</size>
         <input_file_ref idref="fl-14"/>
      </object_component>
      <object_component id="oc-286">
         <name>.debug_info</name>
         <load_address>0x7aee</load_address>
         <run_address>0x7aee</run_address>
         <size>0x9a6</size>
         <input_file_ref idref="fl-15"/>
      </object_component>
      <object_component id="oc-226">
         <name>.debug_info</name>
         <load_address>0x8494</load_address>
         <run_address>0x8494</run_address>
         <size>0x595</size>
         <input_file_ref idref="fl-1b"/>
      </object_component>
      <object_component id="oc-13d">
         <name>.debug_info</name>
         <load_address>0x8a29</load_address>
         <run_address>0x8a29</run_address>
         <size>0x13d6</size>
         <input_file_ref idref="fl-1b"/>
      </object_component>
      <object_component id="oc-1b1">
         <name>.debug_info</name>
         <load_address>0x9dff</load_address>
         <run_address>0x9dff</run_address>
         <size>0x110</size>
         <input_file_ref idref="fl-1b"/>
      </object_component>
      <object_component id="oc-2b7">
         <name>.debug_info</name>
         <load_address>0x9f0f</load_address>
         <run_address>0x9f0f</run_address>
         <size>0x76</size>
         <input_file_ref idref="fl-1b"/>
      </object_component>
      <object_component id="oc-1b7">
         <name>.debug_info</name>
         <load_address>0x9f85</load_address>
         <run_address>0x9f85</run_address>
         <size>0x2ac</size>
         <input_file_ref idref="fl-1c"/>
      </object_component>
      <object_component id="oc-e0">
         <name>.debug_info</name>
         <load_address>0xa231</load_address>
         <run_address>0xa231</run_address>
         <size>0x48b</size>
         <input_file_ref idref="fl-1c"/>
      </object_component>
      <object_component id="oc-8a">
         <name>.debug_info</name>
         <load_address>0xa6bc</load_address>
         <run_address>0xa6bc</run_address>
         <size>0x37c</size>
         <input_file_ref idref="fl-1d"/>
      </object_component>
      <object_component id="oc-7d">
         <name>.debug_info</name>
         <load_address>0xaa38</load_address>
         <run_address>0xaa38</run_address>
         <size>0x138</size>
         <input_file_ref idref="fl-1d"/>
      </object_component>
      <object_component id="oc-87">
         <name>.debug_info</name>
         <load_address>0xab70</load_address>
         <run_address>0xab70</run_address>
         <size>0x143</size>
         <input_file_ref idref="fl-1d"/>
      </object_component>
      <object_component id="oc-33">
         <name>.debug_info</name>
         <load_address>0xacb3</load_address>
         <run_address>0xacb3</run_address>
         <size>0x6b3</size>
         <input_file_ref idref="fl-1d"/>
      </object_component>
      <object_component id="oc-2e">
         <name>.debug_info</name>
         <load_address>0xb366</load_address>
         <run_address>0xb366</run_address>
         <size>0x225</size>
         <input_file_ref idref="fl-1e"/>
      </object_component>
      <object_component id="oc-228">
         <name>.debug_info</name>
         <load_address>0xb58b</load_address>
         <run_address>0xb58b</run_address>
         <size>0x7d5</size>
         <input_file_ref idref="fl-1f"/>
      </object_component>
      <object_component id="oc-145">
         <name>.debug_info</name>
         <load_address>0xbd60</load_address>
         <run_address>0xbd60</run_address>
         <size>0x288e</size>
         <input_file_ref idref="fl-1f"/>
      </object_component>
      <object_component id="oc-2be">
         <name>.debug_info</name>
         <load_address>0xe5ee</load_address>
         <run_address>0xe5ee</run_address>
         <size>0x1cd</size>
         <input_file_ref idref="fl-1f"/>
      </object_component>
      <object_component id="oc-1ac">
         <name>.debug_info</name>
         <load_address>0xe7bb</load_address>
         <run_address>0xe7bb</run_address>
         <size>0x35</size>
         <input_file_ref idref="fl-1f"/>
      </object_component>
      <object_component id="oc-db">
         <name>.debug_info</name>
         <load_address>0xe7f0</load_address>
         <run_address>0xe7f0</run_address>
         <size>0x6fc</size>
         <input_file_ref idref="fl-20"/>
      </object_component>
      <object_component id="oc-7a">
         <name>.debug_info</name>
         <load_address>0xeeec</load_address>
         <run_address>0xeeec</run_address>
         <size>0x30e</size>
         <input_file_ref idref="fl-20"/>
      </object_component>
      <object_component id="oc-e5">
         <name>.debug_info</name>
         <load_address>0xf1fa</load_address>
         <run_address>0xf1fa</run_address>
         <size>0xd8</size>
         <input_file_ref idref="fl-20"/>
      </object_component>
      <object_component id="oc-100">
         <name>.debug_info</name>
         <load_address>0xf2d2</load_address>
         <run_address>0xf2d2</run_address>
         <size>0xd8</size>
         <input_file_ref idref="fl-20"/>
      </object_component>
      <object_component id="oc-103">
         <name>.debug_info</name>
         <load_address>0xf3aa</load_address>
         <run_address>0xf3aa</run_address>
         <size>0xd8</size>
         <input_file_ref idref="fl-20"/>
      </object_component>
      <object_component id="oc-f7">
         <name>.debug_info</name>
         <load_address>0xf482</load_address>
         <run_address>0xf482</run_address>
         <size>0x11a</size>
         <input_file_ref idref="fl-20"/>
      </object_component>
      <object_component id="oc-f4">
         <name>.debug_info</name>
         <load_address>0xf59c</load_address>
         <run_address>0xf59c</run_address>
         <size>0xd8</size>
         <input_file_ref idref="fl-20"/>
      </object_component>
      <object_component id="oc-e8">
         <name>.debug_info</name>
         <load_address>0xf674</load_address>
         <run_address>0xf674</run_address>
         <size>0xe6</size>
         <input_file_ref idref="fl-20"/>
      </object_component>
      <object_component id="oc-f1">
         <name>.debug_info</name>
         <load_address>0xf75a</load_address>
         <run_address>0xf75a</run_address>
         <size>0xda</size>
         <input_file_ref idref="fl-20"/>
      </object_component>
      <object_component id="oc-81">
         <name>.debug_info</name>
         <load_address>0xf834</load_address>
         <run_address>0xf834</run_address>
         <size>0x4469</size>
         <input_file_ref idref="fl-20"/>
      </object_component>
      <object_component id="oc-10b">
         <name>.debug_info</name>
         <load_address>0x13c9d</load_address>
         <run_address>0x13c9d</run_address>
         <size>0x169</size>
         <input_file_ref idref="fl-20"/>
      </object_component>
      <object_component id="oc-1c9">
         <name>.debug_info</name>
         <load_address>0x13e06</load_address>
         <run_address>0x13e06</run_address>
         <size>0x7b9</size>
         <input_file_ref idref="fl-21"/>
      </object_component>
      <object_component id="oc-1c3">
         <name>.debug_info</name>
         <load_address>0x145bf</load_address>
         <run_address>0x145bf</run_address>
         <size>0xd9</size>
         <input_file_ref idref="fl-21"/>
      </object_component>
      <object_component id="oc-1c6">
         <name>.debug_info</name>
         <load_address>0x14698</load_address>
         <run_address>0x14698</run_address>
         <size>0xd9</size>
         <input_file_ref idref="fl-21"/>
      </object_component>
      <object_component id="oc-1c0">
         <name>.debug_info</name>
         <load_address>0x14771</load_address>
         <run_address>0x14771</run_address>
         <size>0x111</size>
         <input_file_ref idref="fl-21"/>
      </object_component>
      <object_component id="oc-1bd">
         <name>.debug_info</name>
         <load_address>0x14882</load_address>
         <run_address>0x14882</run_address>
         <size>0xcd</size>
         <input_file_ref idref="fl-21"/>
      </object_component>
      <object_component id="oc-eb">
         <name>.debug_info</name>
         <load_address>0x1494f</load_address>
         <run_address>0x1494f</run_address>
         <size>0x16c4</size>
         <input_file_ref idref="fl-21"/>
      </object_component>
      <object_component id="oc-1ca">
         <name>.debug_info</name>
         <load_address>0x16013</load_address>
         <run_address>0x16013</run_address>
         <size>0x1ce</size>
         <input_file_ref idref="fl-21"/>
      </object_component>
      <object_component id="oc-1e2">
         <name>.debug_info</name>
         <load_address>0x161e1</load_address>
         <run_address>0x161e1</run_address>
         <size>0x348</size>
         <input_file_ref idref="fl-22"/>
      </object_component>
      <object_component id="oc-1df">
         <name>.debug_info</name>
         <load_address>0x16529</load_address>
         <run_address>0x16529</run_address>
         <size>0xcc</size>
         <input_file_ref idref="fl-22"/>
      </object_component>
      <object_component id="oc-1d9">
         <name>.debug_info</name>
         <load_address>0x165f5</load_address>
         <run_address>0x165f5</run_address>
         <size>0xcc</size>
         <input_file_ref idref="fl-22"/>
      </object_component>
      <object_component id="oc-1dc">
         <name>.debug_info</name>
         <load_address>0x166c1</load_address>
         <run_address>0x166c1</run_address>
         <size>0xc8</size>
         <input_file_ref idref="fl-22"/>
      </object_component>
      <object_component id="oc-1d6">
         <name>.debug_info</name>
         <load_address>0x16789</load_address>
         <run_address>0x16789</run_address>
         <size>0xe6</size>
         <input_file_ref idref="fl-22"/>
      </object_component>
      <object_component id="oc-fa">
         <name>.debug_info</name>
         <load_address>0x1686f</load_address>
         <run_address>0x1686f</run_address>
         <size>0x5f5</size>
         <input_file_ref idref="fl-22"/>
      </object_component>
      <object_component id="oc-270">
         <name>.debug_info</name>
         <load_address>0x16e64</load_address>
         <run_address>0x16e64</run_address>
         <size>0x62</size>
         <input_file_ref idref="fl-22"/>
      </object_component>
      <object_component id="oc-2a3">
         <name>.debug_info</name>
         <load_address>0x16ec6</load_address>
         <run_address>0x16ec6</run_address>
         <size>0x13a</size>
         <input_file_ref idref="fl-dc"/>
      </object_component>
      <object_component id="oc-2a7">
         <name>.debug_info</name>
         <load_address>0x17000</load_address>
         <run_address>0x17000</run_address>
         <size>0x13e</size>
         <input_file_ref idref="fl-dd"/>
      </object_component>
      <object_component id="oc-48">
         <name>.debug_info</name>
         <load_address>0x1713e</load_address>
         <run_address>0x1713e</run_address>
         <size>0x119</size>
         <input_file_ref idref="fl-de"/>
      </object_component>
      <object_component id="oc-29e">
         <name>.debug_info</name>
         <load_address>0x17257</load_address>
         <run_address>0x17257</run_address>
         <size>0x12e</size>
         <input_file_ref idref="fl-df"/>
      </object_component>
      <object_component id="oc-bd">
         <name>.debug_info</name>
         <load_address>0x17385</load_address>
         <run_address>0x17385</run_address>
         <size>0x147</size>
         <input_file_ref idref="fl-e0"/>
      </object_component>
      <object_component id="oc-ba">
         <name>.debug_info</name>
         <load_address>0x174cc</load_address>
         <run_address>0x174cc</run_address>
         <size>0x2d4</size>
         <input_file_ref idref="fl-e1"/>
      </object_component>
      <object_component id="oc-59">
         <name>.debug_info</name>
         <load_address>0x177a0</load_address>
         <run_address>0x177a0</run_address>
         <size>0x1b5</size>
         <input_file_ref idref="fl-e1"/>
      </object_component>
      <object_component id="oc-b5">
         <name>.debug_info</name>
         <load_address>0x17955</load_address>
         <run_address>0x17955</run_address>
         <size>0x46</size>
         <input_file_ref idref="fl-e1"/>
      </object_component>
      <object_component id="oc-127">
         <name>.debug_info</name>
         <load_address>0x1799b</load_address>
         <run_address>0x1799b</run_address>
         <size>0x2c</size>
         <input_file_ref idref="fl-e1"/>
      </object_component>
      <object_component id="oc-51">
         <name>.debug_info</name>
         <load_address>0x179c7</load_address>
         <run_address>0x179c7</run_address>
         <size>0x2a8</size>
         <input_file_ref idref="fl-e2"/>
      </object_component>
      <object_component id="oc-1d">
         <name>.debug_info</name>
         <load_address>0x17c6f</load_address>
         <run_address>0x17c6f</run_address>
         <size>0x1ea</size>
         <input_file_ref idref="fl-e2"/>
      </object_component>
      <object_component id="oc-4c">
         <name>.debug_info</name>
         <load_address>0x17e59</load_address>
         <run_address>0x17e59</run_address>
         <size>0x46</size>
         <input_file_ref idref="fl-e2"/>
      </object_component>
      <object_component id="oc-ad">
         <name>.debug_info</name>
         <load_address>0x17e9f</load_address>
         <run_address>0x17e9f</run_address>
         <size>0x2c</size>
         <input_file_ref idref="fl-e2"/>
      </object_component>
      <object_component id="oc-ab">
         <name>.debug_info</name>
         <load_address>0x17ecb</load_address>
         <run_address>0x17ecb</run_address>
         <size>0x29e</size>
         <input_file_ref idref="fl-e3"/>
      </object_component>
      <object_component id="oc-17">
         <name>.debug_info</name>
         <load_address>0x18169</load_address>
         <run_address>0x18169</run_address>
         <size>0x250</size>
         <input_file_ref idref="fl-e3"/>
      </object_component>
      <object_component id="oc-3c">
         <name>.debug_info</name>
         <load_address>0x183b9</load_address>
         <run_address>0x183b9</run_address>
         <size>0x60</size>
         <input_file_ref idref="fl-e3"/>
      </object_component>
      <object_component id="oc-120">
         <name>.debug_info</name>
         <load_address>0x18419</load_address>
         <run_address>0x18419</run_address>
         <size>0x46</size>
         <input_file_ref idref="fl-e3"/>
      </object_component>
      <object_component id="oc-a6">
         <name>.debug_info</name>
         <load_address>0x1845f</load_address>
         <run_address>0x1845f</run_address>
         <size>0x39</size>
         <input_file_ref idref="fl-e3"/>
      </object_component>
      <object_component id="oc-25">
         <name>.debug_info</name>
         <load_address>0x18498</load_address>
         <run_address>0x18498</run_address>
         <size>0x10b</size>
         <input_file_ref idref="fl-e4"/>
      </object_component>
      <object_component id="oc-66">
         <name>.debug_info</name>
         <load_address>0x185a3</load_address>
         <run_address>0x185a3</run_address>
         <size>0x1a9</size>
         <input_file_ref idref="fl-e4"/>
      </object_component>
      <object_component id="oc-24b">
         <name>.debug_info</name>
         <load_address>0x1874c</load_address>
         <run_address>0x1874c</run_address>
         <size>0x4b3</size>
         <input_file_ref idref="fl-e5"/>
      </object_component>
      <object_component id="oc-177">
         <name>.debug_info</name>
         <load_address>0x18bff</load_address>
         <run_address>0x18bff</run_address>
         <size>0x1a6</size>
         <input_file_ref idref="fl-e5"/>
      </object_component>
      <object_component id="oc-2e4">
         <name>.debug_info</name>
         <load_address>0x18da5</load_address>
         <run_address>0x18da5</run_address>
         <size>0x39</size>
         <input_file_ref idref="fl-e5"/>
      </object_component>
      <object_component id="oc-310">
         <name>.debug_info</name>
         <load_address>0x18dde</load_address>
         <run_address>0x18dde</run_address>
         <size>0x39</size>
         <input_file_ref idref="fl-e5"/>
      </object_component>
      <object_component id="oc-2e9">
         <name>.debug_info</name>
         <load_address>0x18e17</load_address>
         <run_address>0x18e17</run_address>
         <size>0x39</size>
         <input_file_ref idref="fl-e5"/>
      </object_component>
      <object_component id="oc-2ee">
         <name>.debug_info</name>
         <load_address>0x18e50</load_address>
         <run_address>0x18e50</run_address>
         <size>0xcd</size>
         <input_file_ref idref="fl-e5"/>
      </object_component>
      <object_component id="oc-c3">
         <name>.debug_info</name>
         <load_address>0x18f1d</load_address>
         <run_address>0x18f1d</run_address>
         <size>0x153</size>
         <input_file_ref idref="fl-e6"/>
      </object_component>
      <object_component id="oc-168">
         <name>.debug_info</name>
         <load_address>0x19070</load_address>
         <run_address>0x19070</run_address>
         <size>0x122</size>
         <input_file_ref idref="fl-e8"/>
      </object_component>
      <object_component id="oc-34d">
         <name>.debug_info</name>
         <load_address>0x19192</load_address>
         <run_address>0x19192</run_address>
         <size>0x8d</size>
      </object_component>
      <object_component id="oc-1e8">
         <name>.debug_line</name>
         <load_address>0x0</load_address>
         <run_address>0x0</run_address>
         <size>0x20f</size>
         <input_file_ref idref="fl-2"/>
      </object_component>
      <object_component id="oc-2c8">
         <name>.debug_line</name>
         <load_address>0x20f</load_address>
         <run_address>0x20f</run_address>
         <size>0x2d</size>
         <input_file_ref idref="fl-2"/>
      </object_component>
      <object_component id="oc-c8">
         <name>.debug_line</name>
         <load_address>0x23c</load_address>
         <run_address>0x23c</run_address>
         <size>0x4d</size>
         <input_file_ref idref="fl-2"/>
      </object_component>
      <object_component id="oc-109">
         <name>.debug_line</name>
         <load_address>0x289</load_address>
         <run_address>0x289</run_address>
         <size>0x4b</size>
         <input_file_ref idref="fl-2"/>
      </object_component>
      <object_component id="oc-298">
         <name>.debug_line</name>
         <load_address>0x2d4</load_address>
         <run_address>0x2d4</run_address>
         <size>0x50</size>
         <input_file_ref idref="fl-2"/>
      </object_component>
      <object_component id="oc-223">
         <name>.debug_line</name>
         <load_address>0x324</load_address>
         <run_address>0x324</run_address>
         <size>0x69</size>
         <input_file_ref idref="fl-2"/>
      </object_component>
      <object_component id="oc-44">
         <name>.debug_line</name>
         <load_address>0x38d</load_address>
         <run_address>0x38d</run_address>
         <size>0x20</size>
         <input_file_ref idref="fl-2"/>
      </object_component>
      <object_component id="oc-1f1">
         <name>.debug_line</name>
         <load_address>0x3ad</load_address>
         <run_address>0x3ad</run_address>
         <size>0x53</size>
         <input_file_ref idref="fl-2"/>
      </object_component>
      <object_component id="oc-1ec">
         <name>.debug_line</name>
         <load_address>0x400</load_address>
         <run_address>0x400</run_address>
         <size>0x4c</size>
         <input_file_ref idref="fl-2"/>
      </object_component>
      <object_component id="oc-1aa">
         <name>.debug_line</name>
         <load_address>0x44c</load_address>
         <run_address>0x44c</run_address>
         <size>0x4d</size>
         <input_file_ref idref="fl-2"/>
      </object_component>
      <object_component id="oc-8e">
         <name>.debug_line</name>
         <load_address>0x499</load_address>
         <run_address>0x499</run_address>
         <size>0x4f</size>
         <input_file_ref idref="fl-2"/>
      </object_component>
      <object_component id="oc-98">
         <name>.debug_line</name>
         <load_address>0x4e8</load_address>
         <run_address>0x4e8</run_address>
         <size>0x59</size>
         <input_file_ref idref="fl-2"/>
      </object_component>
      <object_component id="oc-93">
         <name>.debug_line</name>
         <load_address>0x541</load_address>
         <run_address>0x541</run_address>
         <size>0x50</size>
         <input_file_ref idref="fl-2"/>
      </object_component>
      <object_component id="oc-117">
         <name>.debug_line</name>
         <load_address>0x591</load_address>
         <run_address>0x591</run_address>
         <size>0x4b</size>
         <input_file_ref idref="fl-2"/>
      </object_component>
      <object_component id="oc-9b">
         <name>.debug_line</name>
         <load_address>0x5dc</load_address>
         <run_address>0x5dc</run_address>
         <size>0x41</size>
         <input_file_ref idref="fl-3"/>
      </object_component>
      <object_component id="oc-39">
         <name>.debug_line</name>
         <load_address>0x61d</load_address>
         <run_address>0x61d</run_address>
         <size>0x41</size>
         <input_file_ref idref="fl-3"/>
      </object_component>
      <object_component id="oc-29">
         <name>.debug_line</name>
         <load_address>0x65e</load_address>
         <run_address>0x65e</run_address>
         <size>0xa1</size>
         <input_file_ref idref="fl-3"/>
      </object_component>
      <object_component id="oc-9f">
         <name>.debug_line</name>
         <load_address>0x6ff</load_address>
         <run_address>0x6ff</run_address>
         <size>0x6f</size>
         <input_file_ref idref="fl-3"/>
      </object_component>
      <object_component id="oc-11e">
         <name>.debug_line</name>
         <load_address>0x76e</load_address>
         <run_address>0x76e</run_address>
         <size>0x73</size>
         <input_file_ref idref="fl-3"/>
      </object_component>
      <object_component id="oc-a4">
         <name>.debug_line</name>
         <load_address>0x7e1</load_address>
         <run_address>0x7e1</run_address>
         <size>0x70</size>
         <input_file_ref idref="fl-3"/>
      </object_component>
      <object_component id="oc-2c6">
         <name>.debug_line</name>
         <load_address>0x851</load_address>
         <run_address>0x851</run_address>
         <size>0x119</size>
         <input_file_ref idref="fl-4"/>
      </object_component>
      <object_component id="oc-2c4">
         <name>.debug_line</name>
         <load_address>0x96a</load_address>
         <run_address>0x96a</run_address>
         <size>0x54</size>
         <input_file_ref idref="fl-4"/>
      </object_component>
      <object_component id="oc-14d">
         <name>.debug_line</name>
         <load_address>0x9be</load_address>
         <run_address>0x9be</run_address>
         <size>0x82</size>
         <input_file_ref idref="fl-4"/>
      </object_component>
      <object_component id="oc-2b4">
         <name>.debug_line</name>
         <load_address>0xa40</load_address>
         <run_address>0xa40</run_address>
         <size>0xad</size>
         <input_file_ref idref="fl-5"/>
      </object_component>
      <object_component id="oc-13b">
         <name>.debug_line</name>
         <load_address>0xaed</load_address>
         <run_address>0xaed</run_address>
         <size>0x81</size>
         <input_file_ref idref="fl-5"/>
      </object_component>
      <object_component id="oc-134">
         <name>.debug_line</name>
         <load_address>0xb6e</load_address>
         <run_address>0xb6e</run_address>
         <size>0x65</size>
         <input_file_ref idref="fl-6"/>
      </object_component>
      <object_component id="oc-2d1">
         <name>.debug_line</name>
         <load_address>0xbd3</load_address>
         <run_address>0xbd3</run_address>
         <size>0x11e</size>
         <input_file_ref idref="fl-7"/>
      </object_component>
      <object_component id="oc-15a">
         <name>.debug_line</name>
         <load_address>0xcf1</load_address>
         <run_address>0xcf1</run_address>
         <size>0x7f</size>
         <input_file_ref idref="fl-7"/>
      </object_component>
      <object_component id="oc-2ca">
         <name>.debug_line</name>
         <load_address>0xd70</load_address>
         <run_address>0xd70</run_address>
         <size>0xdf</size>
         <input_file_ref idref="fl-8"/>
      </object_component>
      <object_component id="oc-155">
         <name>.debug_line</name>
         <load_address>0xe4f</load_address>
         <run_address>0xe4f</run_address>
         <size>0x8f</size>
         <input_file_ref idref="fl-8"/>
      </object_component>
      <object_component id="oc-2d3">
         <name>.debug_line</name>
         <load_address>0xede</load_address>
         <run_address>0xede</run_address>
         <size>0x111</size>
         <input_file_ref idref="fl-9"/>
      </object_component>
      <object_component id="oc-15e">
         <name>.debug_line</name>
         <load_address>0xfef</load_address>
         <run_address>0xfef</run_address>
         <size>0x7d</size>
         <input_file_ref idref="fl-9"/>
      </object_component>
      <object_component id="oc-30c">
         <name>.debug_line</name>
         <load_address>0x106c</load_address>
         <run_address>0x106c</run_address>
         <size>0xde</size>
         <input_file_ref idref="fl-a"/>
      </object_component>
      <object_component id="oc-30a">
         <name>.debug_line</name>
         <load_address>0x114a</load_address>
         <run_address>0x114a</run_address>
         <size>0x46</size>
         <input_file_ref idref="fl-a"/>
      </object_component>
      <object_component id="oc-23a">
         <name>.debug_line</name>
         <load_address>0x1190</load_address>
         <run_address>0x1190</run_address>
         <size>0x77</size>
         <input_file_ref idref="fl-a"/>
      </object_component>
      <object_component id="oc-31d">
         <name>.debug_line</name>
         <load_address>0x1207</load_address>
         <run_address>0x1207</run_address>
         <size>0x20</size>
         <input_file_ref idref="fl-b"/>
      </object_component>
      <object_component id="oc-28f">
         <name>.debug_line</name>
         <load_address>0x1227</load_address>
         <run_address>0x1227</run_address>
         <size>0x8c</size>
         <input_file_ref idref="fl-b"/>
      </object_component>
      <object_component id="oc-209">
         <name>.debug_line</name>
         <load_address>0x12b3</load_address>
         <run_address>0x12b3</run_address>
         <size>0x7a</size>
         <input_file_ref idref="fl-c"/>
      </object_component>
      <object_component id="oc-301">
         <name>.debug_line</name>
         <load_address>0x132d</load_address>
         <run_address>0x132d</run_address>
         <size>0x86</size>
         <input_file_ref idref="fl-d"/>
      </object_component>
      <object_component id="oc-200">
         <name>.debug_line</name>
         <load_address>0x13b3</load_address>
         <run_address>0x13b3</run_address>
         <size>0x1a0</size>
         <input_file_ref idref="fl-d"/>
      </object_component>
      <object_component id="oc-2fc">
         <name>.debug_line</name>
         <load_address>0x1553</load_address>
         <run_address>0x1553</run_address>
         <size>0x43</size>
         <input_file_ref idref="fl-e"/>
      </object_component>
      <object_component id="oc-1fe">
         <name>.debug_line</name>
         <load_address>0x1596</load_address>
         <run_address>0x1596</run_address>
         <size>0x81</size>
         <input_file_ref idref="fl-e"/>
      </object_component>
      <object_component id="oc-2f9">
         <name>.debug_line</name>
         <load_address>0x1617</load_address>
         <run_address>0x1617</run_address>
         <size>0x43</size>
         <input_file_ref idref="fl-e"/>
      </object_component>
      <object_component id="oc-210">
         <name>.debug_line</name>
         <load_address>0x165a</load_address>
         <run_address>0x165a</run_address>
         <size>0x82</size>
         <input_file_ref idref="fl-f"/>
      </object_component>
      <object_component id="oc-21c">
         <name>.debug_line</name>
         <load_address>0x16dc</load_address>
         <run_address>0x16dc</run_address>
         <size>0xdd</size>
         <input_file_ref idref="fl-10"/>
      </object_component>
      <object_component id="oc-1f5">
         <name>.debug_line</name>
         <load_address>0x17b9</load_address>
         <run_address>0x17b9</run_address>
         <size>0x58</size>
         <input_file_ref idref="fl-11"/>
      </object_component>
      <object_component id="oc-308">
         <name>.debug_line</name>
         <load_address>0x1811</load_address>
         <run_address>0x1811</run_address>
         <size>0x84</size>
         <input_file_ref idref="fl-13"/>
      </object_component>
      <object_component id="oc-306">
         <name>.debug_line</name>
         <load_address>0x1895</load_address>
         <run_address>0x1895</run_address>
         <size>0x42</size>
         <input_file_ref idref="fl-13"/>
      </object_component>
      <object_component id="oc-215">
         <name>.debug_line</name>
         <load_address>0x18d7</load_address>
         <run_address>0x18d7</run_address>
         <size>0x126</size>
         <input_file_ref idref="fl-13"/>
      </object_component>
      <object_component id="oc-280">
         <name>.debug_line</name>
         <load_address>0x19fd</load_address>
         <run_address>0x19fd</run_address>
         <size>0x112</size>
         <input_file_ref idref="fl-14"/>
      </object_component>
      <object_component id="oc-289">
         <name>.debug_line</name>
         <load_address>0x1b0f</load_address>
         <run_address>0x1b0f</run_address>
         <size>0x266</size>
         <input_file_ref idref="fl-15"/>
      </object_component>
      <object_component id="oc-2b6">
         <name>.debug_line</name>
         <load_address>0x1d75</load_address>
         <run_address>0x1d75</run_address>
         <size>0x7d</size>
         <input_file_ref idref="fl-1b"/>
      </object_component>
      <object_component id="oc-140">
         <name>.debug_line</name>
         <load_address>0x1df2</load_address>
         <run_address>0x1df2</run_address>
         <size>0x304</size>
         <input_file_ref idref="fl-1b"/>
      </object_component>
      <object_component id="oc-1b4">
         <name>.debug_line</name>
         <load_address>0x20f6</load_address>
         <run_address>0x20f6</run_address>
         <size>0x6b</size>
         <input_file_ref idref="fl-1b"/>
      </object_component>
      <object_component id="oc-2ba">
         <name>.debug_line</name>
         <load_address>0x2161</load_address>
         <run_address>0x2161</run_address>
         <size>0x3d</size>
         <input_file_ref idref="fl-1b"/>
      </object_component>
      <object_component id="oc-261">
         <name>.debug_line</name>
         <load_address>0x219e</load_address>
         <run_address>0x219e</run_address>
         <size>0x20</size>
         <input_file_ref idref="fl-1c"/>
      </object_component>
      <object_component id="oc-df">
         <name>.debug_line</name>
         <load_address>0x21be</load_address>
         <run_address>0x21be</run_address>
         <size>0xe9</size>
         <input_file_ref idref="fl-1c"/>
      </object_component>
      <object_component id="oc-113">
         <name>.debug_line</name>
         <load_address>0x22a7</load_address>
         <run_address>0x22a7</run_address>
         <size>0x4a</size>
         <input_file_ref idref="fl-1d"/>
      </object_component>
      <object_component id="oc-dd">
         <name>.debug_line</name>
         <load_address>0x22f1</load_address>
         <run_address>0x22f1</run_address>
         <size>0x35</size>
         <input_file_ref idref="fl-1d"/>
      </object_component>
      <object_component id="oc-111">
         <name>.debug_line</name>
         <load_address>0x2326</load_address>
         <run_address>0x2326</run_address>
         <size>0x35</size>
         <input_file_ref idref="fl-1d"/>
      </object_component>
      <object_component id="oc-37">
         <name>.debug_line</name>
         <load_address>0x235b</load_address>
         <run_address>0x235b</run_address>
         <size>0x174</size>
         <input_file_ref idref="fl-1d"/>
      </object_component>
      <object_component id="oc-31">
         <name>.debug_line</name>
         <load_address>0x24cf</load_address>
         <run_address>0x24cf</run_address>
         <size>0xca</size>
         <input_file_ref idref="fl-1e"/>
      </object_component>
      <object_component id="oc-2bd">
         <name>.debug_line</name>
         <load_address>0x2599</load_address>
         <run_address>0x2599</run_address>
         <size>0x93</size>
         <input_file_ref idref="fl-1f"/>
      </object_component>
      <object_component id="oc-147">
         <name>.debug_line</name>
         <load_address>0x262c</load_address>
         <run_address>0x262c</run_address>
         <size>0x73a</size>
         <input_file_ref idref="fl-1f"/>
      </object_component>
      <object_component id="oc-2c1">
         <name>.debug_line</name>
         <load_address>0x2d66</load_address>
         <run_address>0x2d66</run_address>
         <size>0x36</size>
         <input_file_ref idref="fl-1f"/>
      </object_component>
      <object_component id="oc-1af">
         <name>.debug_line</name>
         <load_address>0x2d9c</load_address>
         <run_address>0x2d9c</run_address>
         <size>0x74</size>
         <input_file_ref idref="fl-1f"/>
      </object_component>
      <object_component id="oc-1a6">
         <name>.debug_line</name>
         <load_address>0x2e10</load_address>
         <run_address>0x2e10</run_address>
         <size>0xca</size>
         <input_file_ref idref="fl-20"/>
      </object_component>
      <object_component id="oc-da">
         <name>.debug_line</name>
         <load_address>0x2eda</load_address>
         <run_address>0x2eda</run_address>
         <size>0x36</size>
         <input_file_ref idref="fl-20"/>
      </object_component>
      <object_component id="oc-1b9">
         <name>.debug_line</name>
         <load_address>0x2f10</load_address>
         <run_address>0x2f10</run_address>
         <size>0x36</size>
         <input_file_ref idref="fl-20"/>
      </object_component>
      <object_component id="oc-1e4">
         <name>.debug_line</name>
         <load_address>0x2f46</load_address>
         <run_address>0x2f46</run_address>
         <size>0x36</size>
         <input_file_ref idref="fl-20"/>
      </object_component>
      <object_component id="oc-1e6">
         <name>.debug_line</name>
         <load_address>0x2f7c</load_address>
         <run_address>0x2f7c</run_address>
         <size>0x36</size>
         <input_file_ref idref="fl-20"/>
      </object_component>
      <object_component id="oc-1d4">
         <name>.debug_line</name>
         <load_address>0x2fb2</load_address>
         <run_address>0x2fb2</run_address>
         <size>0x36</size>
         <input_file_ref idref="fl-20"/>
      </object_component>
      <object_component id="oc-1d2">
         <name>.debug_line</name>
         <load_address>0x2fe8</load_address>
         <run_address>0x2fe8</run_address>
         <size>0x36</size>
         <input_file_ref idref="fl-20"/>
      </object_component>
      <object_component id="oc-1bb">
         <name>.debug_line</name>
         <load_address>0x301e</load_address>
         <run_address>0x301e</run_address>
         <size>0x36</size>
         <input_file_ref idref="fl-20"/>
      </object_component>
      <object_component id="oc-1d0">
         <name>.debug_line</name>
         <load_address>0x3054</load_address>
         <run_address>0x3054</run_address>
         <size>0x36</size>
         <input_file_ref idref="fl-20"/>
      </object_component>
      <object_component id="oc-84">
         <name>.debug_line</name>
         <load_address>0x308a</load_address>
         <run_address>0x308a</run_address>
         <size>0xcdf</size>
         <input_file_ref idref="fl-20"/>
      </object_component>
      <object_component id="oc-10e">
         <name>.debug_line</name>
         <load_address>0x3d69</load_address>
         <run_address>0x3d69</run_address>
         <size>0x36</size>
         <input_file_ref idref="fl-20"/>
      </object_component>
      <object_component id="oc-26b">
         <name>.debug_line</name>
         <load_address>0x3d9f</load_address>
         <run_address>0x3d9f</run_address>
         <size>0x93</size>
         <input_file_ref idref="fl-21"/>
[...]
         <name>vListInitialiseItem</name>
         <value>0x5047</value>
         <object_component_ref idref="oc-de"/>
      </symbol>
      <symbol id="sm-3c3">
         <name>vListInsertEnd</name>
         <value>0x5057</value>
         <object_component_ref idref="oc-de"/>
      </symbol>
      <symbol id="sm-3c4">
         <name>vListInitialise</name>
         <value>0x5017</value>
         <object_component_ref idref="oc-de"/>
      </symbol>
      <symbol id="sm-414">
         <name>ulMaxSyscallInterruptPriority</name>
         <value>0x5c2c</value>
         <object_component_ref idref="oc-7c"/>
      </symbol>
      <symbol id="sm-415">
         <name>vPortSetupTimerInterrupt</name>
         <value>0x49e9</value>
         <object_component_ref idref="oc-32"/>
      </symbol>
      <symbol id="sm-416">
         <name>vPortEndScheduler</name>
         <value>0x4931</value>
         <object_component_ref idref="oc-32"/>
      </symbol>
      <symbol id="sm-417">
         <name>xPortSysTickHandler</name>
         <value>0x49c3</value>
         <object_component_ref idref="oc-32"/>
      </symbol>
      <symbol id="sm-418">
         <name>vPortValidateInterruptPriority</name>
         <value>0x4a05</value>
         <object_component_ref idref="oc-32"/>
      </symbol>
      <symbol id="sm-419">
         <name>pxPortInitialiseStack</name>
         <value>0x47ed</value>
         <object_component_ref idref="oc-32"/>
      </symbol>
      <symbol id="sm-41a">
         <name>vPortExitCritical</name>
         <value>0x4997</value>
         <object_component_ref idref="oc-32"/>
      </symbol>
      <symbol id="sm-41b">
         <name>xPortStartScheduler</name>
         <value>0x4879</value>
         <object_component_ref idref="oc-32"/>
      </symbol>
      <symbol id="sm-41c">
         <name>vPortEnterCritical</name>
         <value>0x4955</value>
         <object_component_ref idref="oc-32"/>
      </symbol>
      <symbol id="sm-42b">
         <name>vPortStartFirstTask</name>
         <value>0x53d5</value>
         <object_component_ref idref="oc-2d"/>
      </symbol>
      <symbol id="sm-42c">
         <name>ulPortGetIPSR</name>
         <value>0x533d</value>
         <object_component_ref idref="oc-2d"/>
      </symbol>
      <symbol id="sm-42d">
         <name>vPortEnableVFP</name>
         <value>0x53f9</value>
         <object_component_ref idref="oc-2d"/>
      </symbol>
      <symbol id="sm-42e">
         <name>xPortPendSVHandler</name>
         <value>0x5355</value>
         <object_component_ref idref="oc-2d"/>
      </symbol>
      <symbol id="sm-42f">
         <name>vPortSVCHandler</name>
         <value>0x53b5</value>
         <object_component_ref idref="oc-2d"/>
      </symbol>
      <symbol id="sm-526">
         <name>xQueueRegistry</name>
         <value>0x20005078</value>
      </symbol>
      <symbol id="sm-527">
         <name>xQueuePeekFromISR</name>
         <value>0x268d</value>
         <object_component_ref idref="oc-142"/>
      </symbol>
      <symbol id="sm-528">
         <name>xQueueIsQueueEmptyFromISR</name>
         <value>0x29b3</value>
         <object_component_ref idref="oc-142"/>
      </symbol>
      <symbol id="sm-529">
         <name>xQueueGenericSendFromISR</name>
         <value>0x2231</value>
         <object_component_ref idref="oc-142"/>
      </symbol>
      <symbol id="sm-52a">
         <name>uxQueueMessagesWaiting</name>
         <value>0x273d</value>
         <object_component_ref idref="oc-142"/>
      </symbol>
      <symbol id="sm-52b">
         <name>vQueueAddToRegistry</name>
         <value>0x2a3f</value>
         <object_component_ref idref="oc-142"/>
      </symbol>
      <symbol id="sm-52c">
         <name>xQueueIsQueueFullFromISR</name>
         <value>0x2a09</value>
         <object_component_ref idref="oc-142"/>
      </symbol>
      <symbol id="sm-52d">
         <name>xQueueGenericCreate</name>
         <value>0x1e51</value>
         <object_component_ref idref="oc-142"/>
      </symbol>
      <symbol id="sm-52e">
         <name>xQueueCreateMutex</name>
         <value>0x1eef</value>
         <object_component_ref idref="oc-142"/>
      </symbol>
      <symbol id="sm-52f">
         <name>vQueueSetQueueNumber</name>
         <value>0x27f9</value>
         <object_component_ref idref="oc-142"/>
      </symbol>
      <symbol id="sm-530">
         <name>xQueueGenericSend</name>
         <value>0x2085</value>
         <object_component_ref idref="oc-142"/>
      </symbol>
      <symbol id="sm-531">
         <name>xQueueGenericReset</name>
         <value>0x1da1</value>
         <object_component_ref idref="oc-142"/>
      </symbol>
      <symbol id="sm-532">
         <name>xQueueReceiveFromISR</name>
         <value>0x25c9</value>
         <object_component_ref idref="oc-142"/>
      </symbol>
      <symbol id="sm-533">
         <name>uxQueueSpacesAvailable</name>
         <value>0x2767</value>
         <object_component_ref idref="oc-142"/>
      </symbol>
      <symbol id="sm-534">
         <name>xQueueGiveMutexRecursive</name>
         <value>0x1f65</value>
         <object_component_ref idref="oc-142"/>
      </symbol>
      <symbol id="sm-535">
         <name>vQueueUnregisterQueue</name>
         <value>0x2a81</value>
         <object_component_ref idref="oc-142"/>
      </symbol>
      <symbol id="sm-536">
         <name>xQueueGiveFromISR</name>
         <value>0x2329</value>
         <object_component_ref idref="oc-142"/>
      </symbol>
      <symbol id="sm-537">
         <name>uxQueueMessagesWaitingFromISR</name>
         <value>0x279b</value>
         <object_component_ref idref="oc-142"/>
      </symbol>
      <symbol id="sm-538">
         <name>uxQueueGetQueueNumber</name>
         <value>0x27eb</value>
         <object_component_ref idref="oc-142"/>
      </symbol>
      <symbol id="sm-539">
         <name>xQueueGenericReceive</name>
         <value>0x2405</value>
         <object_component_ref idref="oc-142"/>
      </symbol>
      <symbol id="sm-53a">
         <name>xQueueTakeMutexRecursive</name>
         <value>0x1fb5</value>
         <object_component_ref idref="oc-142"/>
      </symbol>
      <symbol id="sm-53b">
         <name>xQueueCreateCountingSemaphore</name>
         <value>0x2013</value>
         <object_component_ref idref="oc-142"/>
      </symbol>
      <symbol id="sm-53c">
         <name>vQueueWaitForMessageRestricted</name>
         <value>0x2abb</value>
         <object_component_ref idref="oc-142"/>
      </symbol>
      <symbol id="sm-53d">
         <name>vQueueDelete</name>
         <value>0x27c1</value>
         <object_component_ref idref="oc-142"/>
      </symbol>
      <symbol id="sm-53e">
         <name>ucQueueGetQueueType</name>
         <value>0x280b</value>
         <object_component_ref idref="oc-142"/>
      </symbol>
      <symbol id="sm-776">
         <name>vTaskDelay</name>
         <value>0x59d</value>
         <object_component_ref idref="oc-7f"/>
      </symbol>
      <symbol id="sm-777">
         <name>vTaskSuspendAll</name>
         <value>0xac5</value>
         <object_component_ref idref="oc-7f"/>
      </symbol>
      <symbol id="sm-778">
         <name>vTaskPriorityInherit</name>
         <value>0x1699</value>
         <object_component_ref idref="oc-7f"/>
      </symbol>
      <symbol id="sm-779">
         <name>vTaskPlaceOnEventList</name>
         <value>0xead</value>
         <object_component_ref idref="oc-7f"/>
      </symbol>
      <symbol id="sm-77a">
         <name>vTaskSetTaskNumber</name>
         <value>0x1279</value>
         <object_component_ref idref="oc-7f"/>
      </symbol>
      <symbol id="sm-77b">
         <name>uxTaskPriorityGetFromISR</name>
         <value>0x649</value>
         <object_component_ref idref="oc-7f"/>
      </symbol>
      <symbol id="sm-77c">
         <name>ulTaskNotifyTake</name>
         <value>0x1869</value>
         <object_component_ref idref="oc-7f"/>
      </symbol>
      <symbol id="sm-77d">
         <name>xTaskCheckForTimeOut</name>
         <value>0x11a9</value>
         <object_component_ref idref="oc-7f"/>
      </symbol>
      <symbol id="sm-77e">
         <name>xTaskRemoveFromUnorderedEventList</name>
         <value>0x10d9</value>
         <object_component_ref idref="oc-7f"/>
      </symbol>
      <symbol id="sm-77f">
         <name>vTaskPrioritySet</name>
         <value>0x699</value>
         <object_component_ref idref="oc-7f"/>
      </symbol>
      <symbol id="sm-780">
         <name>xTaskPriorityDisinherit</name>
         <value>0x1753</value>
         <object_component_ref idref="oc-7f"/>
      </symbol>
      <symbol id="sm-781">
         <name>vTaskStartScheduler</name>
         <value>0xa2d</value>
         <object_component_ref idref="oc-7f"/>
      </symbol>
      <symbol id="sm-782">
         <name>xTaskNotifyStateClear</name>
         <value>0x1d55</value>
         <object_component_ref idref="oc-7f"/>
      </symbol>
      <symbol id="sm-783">
         <name>pvTaskIncrementMutexHeldCount</name>
         <value>0x1847</value>
         <object_component_ref idref="oc-7f"/>
      </symbol>
      <symbol id="sm-784">
         <name>vApplicationIdleHook</name>
         <value>0x26d</value>
         <object_component_ref idref="oc-7f"/>
      </symbol>
      <symbol id="sm-785">
         <name>xTaskGenericNotify</name>
         <value>0x1a17</value>
         <object_component_ref idref="oc-7f"/>
      </symbol>
      <symbol id="sm-786">
         <name>vTaskDelayUntil</name>
         <value>0x499</value>
         <object_component_ref idref="oc-7f"/>
      </symbol>
      <symbol id="sm-787">
         <name>uxTaskGetTaskNumber</name>
         <value>0x1259</value>
         <object_component_ref idref="oc-7f"/>
      </symbol>
      <symbol id="sm-788">
         <name>vTaskEndScheduler</name>
         <value>0xaa9</value>
         <object_component_ref idref="oc-7f"/>
      </symbol>
      <symbol id="sm-789">
         <name>xTaskNotifyWait</name>
         <value>0x192d</value>
         <object_component_ref idref="oc-7f"/>
      </symbol>
      <symbol id="sm-78a">
         <name>vTaskMissedYield</name>
         <value>0x124b</value>
         <object_component_ref idref="oc-7f"/>
      </symbol>
      <symbol id="sm-78b">
         <name>uxTaskGetNumberOfTasks</name>
         <value>0xbf3</value>
         <object_component_ref idref="oc-7f"/>
      </symbol>
      <symbol id="sm-78c">
         <name>xTaskGenericNotifyFromISR</name>
         <value>0x1b3d</value>
         <object_component_ref idref="oc-7f"/>
      </symbol>
      <symbol id="sm-78d">
         <name>uxTaskPriorityGet</name>
         <value>0x621</value>
         <object_component_ref idref="oc-7f"/>
      </symbol>
      <symbol id="sm-78e">
         <name>xTaskResumeAll</name>
         <value>0xadd</value>
         <object_component_ref idref="oc-7f"/>
      </symbol>
      <symbol id="sm-78f">
         <name>xTaskGetTickCount</name>
         <value>0xbcf</value>
         <object_component_ref idref="oc-7f"/>
      </symbol>
      <symbol id="sm-790">
         <name>xTaskGenericCreate</name>
         <value>0x277</value>
         <object_component_ref idref="oc-7f"/>
      </symbol>
      <symbol id="sm-791">
         <name>uxTaskGetSystemState</name>
         <value>0xbf9</value>
         <object_component_ref idref="oc-7f"/>
      </symbol>
      <symbol id="sm-792">
         <name>vTaskDelete</name>
         <value>0x3db</value>
         <object_component_ref idref="oc-7f"/>
      </symbol>
      <symbol id="sm-793">
         <name>pxCurrentTCB</name>
         <value>0x20005390</value>
         <object_component_ref idref="oc-79"/>
      </symbol>
      <symbol id="sm-794">
         <name>vTaskNotifyGiveFromISR</name>
         <value>0x1c73</value>
         <object_component_ref idref="oc-7f"/>
      </symbol>
      <symbol id="sm-795">
         <name>ulIdleCycleCount</name>
         <value>0x200053c0</value>
         <object_component_ref idref="oc-79"/>
      </symbol>
      <symbol id="sm-796">
         <name>vTaskSuspend</name>
         <value>0x7c5</value>
         <object_component_ref idref="oc-7f"/>
      </symbol>
      <symbol id="sm-797">
         <name>xTaskGetTickCountFromISR</name>
         <value>0xbdf</value>
         <object_component_ref idref="oc-7f"/>
      </symbol>
      <symbol id="sm-798">
         <name>vTaskResume</name>
         <value>0x8ed</value>
         <object_component_ref idref="oc-7f"/>
      </symbol>
      <symbol id="sm-799">
         <name>vTaskPlaceOnEventListRestricted</name>
         <value>0xfc5</value>
         <object_component_ref idref="oc-7f"/>
      </symbol>
      <symbol id="sm-79a">
         <name>vTaskSetTimeOutState</name>
         <value>0x1177</value>
         <object_component_ref idref="oc-7f"/>
      </symbol>
      <symbol id="sm-79b">
         <name>xTaskIncrementTick</name>
         <value>0xcd9</value>
         <object_component_ref idref="oc-7f"/>
      </symbol>
      <symbol id="sm-79c">
         <name>vTaskSwitchContext</name>
         <value>0xe1d</value>
         <object_component_ref idref="oc-7f"/>
      </symbol>
      <symbol id="sm-79d">
         <name>uxTaskResetEventItemValue</name>
         <value>0x1825</value>
         <object_component_ref idref="oc-7f"/>
      </symbol>
      <symbol id="sm-79e">
         <name>xTaskGetSchedulerState</name>
         <value>0x1669</value>
         <object_component_ref idref="oc-7f"/>
      </symbol>
      <symbol id="sm-79f">
         <name>xTaskResumeFromISR</name>
         <value>0x981</value>
         <object_component_ref idref="oc-7f"/>
      </symbol>
      <symbol id="sm-7a0">
         <name>xTaskGetCurrentTaskHandle</name>
         <value>0x1651</value>
         <object_component_ref idref="oc-7f"/>
      </symbol>
      <symbol id="sm-7a1">
         <name>vTaskPlaceOnUnorderedEventList</name>
         <value>0xf21</value>
         <object_component_ref idref="oc-7f"/>
      </symbol>
      <symbol id="sm-7a2">
         <name>xTaskRemoveFromEventList</name>
         <value>0x1041</value>
         <object_component_ref idref="oc-7f"/>
      </symbol>
      <symbol id="sm-83e">
         <name>xTimerCreateTimerTask</name>
         <value>0x333d</value>
         <object_component_ref idref="oc-ea"/>
      </symbol>
      <symbol id="sm-83f">
         <name>pcTimerGetTimerName</name>
         <value>0x3479</value>
         <object_component_ref idref="oc-ea"/>
      </symbol>
      <symbol id="sm-840">
         <name>xTimerIsTimerActive</name>
         <value>0x38b7</value>
         <object_component_ref idref="oc-ea"/>
      </symbol>
      <symbol id="sm-841">
         <name>xTimerCreate</name>
         <value>0x338b</value>
         <object_component_ref idref="oc-ea"/>
      </symbol>
      <symbol id="sm-842">
         <name>xTimerGenericCommand</name>
         <value>0x33f9</value>
         <object_component_ref idref="oc-ea"/>
      </symbol>
      <symbol id="sm-843">
         <name>pvTimerGetTimerID</name>
         <value>0x38f7</value>
         <object_component_ref idref="oc-ea"/>
      </symbol>
      <symbol id="sm-844">
         <name>vTimerSetTimerID</name>
         <value>0x3925</value>
         <object_component_ref idref="oc-ea"/>
      </symbol>
      <symbol id="sm-88b">
         <name>vPortInitialiseBlocks</name>
         <value>0x4e85</value>
         <object_component_ref idref="oc-f9"/>
      </symbol>
      <symbol id="sm-88c">
         <name>xPortGetFreeHeapSize</name>
         <value>0x4e7f</value>
         <object_component_ref idref="oc-f9"/>
      </symbol>
      <symbol id="sm-88d">
         <name>pvPortMalloc</name>
         <value>0x4d29</value>
         <object_component_ref idref="oc-f9"/>
      </symbol>
      <symbol id="sm-88e">
         <name>vPortFree</name>
         <value>0x4e21</value>
         <object_component_ref idref="oc-f9"/>
      </symbol>
      <symbol id="sm-8a2">
         <name>__aeabi_ddiv</name>
         <value>0x4ee1</value>
         <object_component_ref idref="oc-2a0"/>
      </symbol>
      <symbol id="sm-8ae">
         <name>__aeabi_d2f</name>
         <value>0x59d1</value>
         <object_component_ref idref="oc-2a5"/>
      </symbol>
      <symbol id="sm-8c9">
         <name>memcpy</name>
         <value>0x55a9</value>
         <object_component_ref idref="oc-46"/>
      </symbol>
      <symbol id="sm-8ca">
         <name>__aeabi_memcpy</name>
         <value>0x55a9</value>
         <object_component_ref idref="oc-46"/>
      </symbol>
      <symbol id="sm-8cb">
         <name>__aeabi_memcpy8</name>
         <value>0x55a9</value>
         <object_component_ref idref="oc-46"/>
      </symbol>
      <symbol id="sm-8cc">
         <name>__aeabi_memcpy4</name>
         <value>0x55a9</value>
         <object_component_ref idref="oc-46"/>
      </symbol>
      <symbol id="sm-8d6">
         <name>__aeabi_ui2d</name>
         <value>0x5bcd</value>
         <object_component_ref idref="oc-29b"/>
      </symbol>
      <symbol id="sm-8e5">
         <name>__aeabi_memset</name>
         <value>0x58e7</value>
         <object_component_ref idref="oc-bb"/>
      </symbol>
      <symbol id="sm-8e6">
         <name>memset</name>
         <value>0x58ed</value>
         <object_component_ref idref="oc-bb"/>
      </symbol>
      <symbol id="sm-8e7">
         <name>__aeabi_memset8</name>
         <value>0x58e7</value>
         <object_component_ref idref="oc-bb"/>
      </symbol>
      <symbol id="sm-8e8">
         <name>__aeabi_memset4</name>
         <value>0x58e7</value>
         <object_component_ref idref="oc-bb"/>
      </symbol>
      <symbol id="sm-8e9">
         <name>__aeabi_memclr8</name>
         <value>0x58e5</value>
         <object_component_ref idref="oc-bb"/>
      </symbol>
      <symbol id="sm-8ea">
         <name>__aeabi_memclr4</name>
         <value>0x58e5</value>
         <object_component_ref idref="oc-bb"/>
      </symbol>
      <symbol id="sm-8eb">
         <name>__aeabi_memclr</name>
         <value>0x58e5</value>
         <object_component_ref idref="oc-bb"/>
      </symbol>
      <symbol id="sm-902">
         <name>__TI_zero_init</name>
         <value>0x5bfb</value>
         <object_component_ref idref="oc-58"/>
      </symbol>
      <symbol id="sm-919">
         <name>__TI_decompress_none</name>
         <value>0x5bed</value>
         <object_component_ref idref="oc-1b"/>
      </symbol>
      <symbol id="sm-93c">
         <name>__TI_decompress_lzss</name>
         <value>0x5a3f</value>
         <object_component_ref idref="oc-15"/>
      </symbol>
      <symbol id="sm-94f">
         <name>__stack</name>
         <value>0x20005190</value>
         <object_component_ref idref="oc-24"/>
      </symbol>
      <symbol id="sm-950">
         <name>_c_int00_noargs</name>
         <value>0x5b49</value>
         <object_component_ref idref="oc-64"/>
      </symbol>
      <symbol id="sm-978">
         <name>__TI_auto_init_nobinit_nopinit</name>
         <value>0x5b05</value>
         <object_component_ref idref="oc-173"/>
      </symbol>
      <symbol id="sm-982">
         <name>_system_pre_init</name>
         <value>0x5c13</value>
         <object_component_ref idref="oc-c1"/>
      </symbol>
      <symbol id="sm-98e">
         <name>C$$EXIT</name>
         <value>0x5c17</value>
         <object_component_ref idref="oc-167"/>
      </symbol>
      <symbol id="sm-98f">
         <name>abort</name>
         <value>0x5c17</value>
         <object_component_ref idref="oc-167"/>
      </symbol>
      <symbol id="sm-992">
         <name>__TI_static_base__</name>
         <value>0x0</value>
      </symbol>
      <symbol id="sm-995">
         <name>__mpu_init</name>
         <value>0x0</value>
      </symbol>
      <symbol id="sm-996">
         <name>_system_post_cinit</name>
         <value>0x0</value>
      </symbol>
   </symbol_table>
   <title>Link successful</title>
</link_info>
